tobiaswadseth@Tobias-MacBook-Pro GitHub % gh repo create git-lab -y
? Visibility Public
✓ Created repository tobiaswadseth/git-lab on GitHub
Initialized empty Git repository in /Users/tobiaswadseth/Documents/GitHub/git-lab/.git/
✓ Initialized repository in './git-lab/'
tobiaswadseth@Tobias-MacBook-Pro GitHub % cd git-lab 
tobiaswadseth@Tobias-MacBook-Pro git-lab % echo "# Git Lab 1\nBy Tobias Wadseth" >> README.md
tobiaswadseth@Tobias-MacBook-Pro git-lab % echo "._*" >> .gitignore
tobiaswadseth@Tobias-MacBook-Pro git-lab % git add .         
tobiaswadseth@Tobias-MacBook-Pro git-lab % git commit -m "Initial commit"
[master (root-commit) 6eb103a] Initial commit
 2 files changed, 3 insertions(+)
 create mode 100644 .gitignore
 create mode 100644 README.md
tobiaswadseth@Tobias-MacBook-Pro git-lab % git branch -M main
tobiaswadseth@Tobias-MacBook-Pro git-lab % git push -u origin main
Enumerating objects: 4, done.
Counting objects: 100% (4/4), done.
Delta compression using up to 16 threads
Compressing objects: 100% (2/2), done.
Writing objects: 100% (4/4), 291 bytes | 291.00 KiB/s, done.
Total 4 (delta 0), reused 0 (delta 0)
To https://github.com/tobiaswadseth/git-lab.git
 * [new branch]      main -> main
Branch 'main' set up to track remote branch 'main' from 'origin'.
tobiaswadseth@Tobias-MacBook-Pro git-lab % git branch textfile
tobiaswadseth@Tobias-MacBook-Pro git-lab % git checkout textfile
Switched to branch 'textfile'
tobiaswadseth@Tobias-MacBook-Pro git-lab % touch git-log.txt
tobiaswadseth@Tobias-MacBook-Pro git-lab % git add .
tobiaswadseth@Tobias-MacBook-Pro git-lab % git commit -m "Added git-log.txt"
[textfile 393ba9f] Added git-log.txt
 1 file changed, 0 insertions(+), 0 deletions(-)
 create mode 100644 git-log.txt
tobiaswadseth@Tobias-MacBook-Pro git-lab % git push -u origin textfile
Enumerating objects: 4, done.
Counting objects: 100% (4/4), done.
Delta compression using up to 16 threads
Compressing objects: 100% (2/2), done.
Writing objects: 100% (3/3), 314 bytes | 314.00 KiB/s, done.
Total 3 (delta 0), reused 0 (delta 0)
remote: 
remote: Create a pull request for 'textfile' on GitHub by visiting:
remote:      https://github.com/tobiaswadseth/git-lab/pull/new/textfile
remote: 
To https://github.com/tobiaswadseth/git-lab.git
 * [new branch]      textfile -> textfile
Branch 'textfile' set up to track remote branch 'textfile' from 'origin'.
tobiaswadseth@Tobias-MacBook-Pro git-lab % git checkout main
Switched to branch 'main'
Your branch is up to date with 'origin/main'.
tobiaswadseth@Tobias-MacBook-Pro git-lab % git merge textfile
Updating 6eb103a..393ba9f
Fast-forward
 git-log.txt | 0
 1 file changed, 0 insertions(+), 0 deletions(-)
 create mode 100644 git-log.txt
tobiaswadseth@Tobias-MacBook-Pro git-lab % git log >> git-log.txt 
tobiaswadseth@Tobias-MacBook-Pro git-lab % git add .
tobiaswadseth@Tobias-MacBook-Pro git-lab % git commit -m "Added result of git log to git-log.txt"
[main ed04f21] Added result of git log to git-log.txt
 1 file changed, 11 insertions(+)
tobiaswadseth@Tobias-MacBook-Pro git-lab % git push -u origin main
Enumerating objects: 5, done.
Counting objects: 100% (5/5), done.
Delta compression using up to 16 threads
Compressing objects: 100% (3/3), done.
Writing objects: 100% (3/3), 446 bytes | 446.00 KiB/s, done.
Total 3 (delta 1), reused 0 (delta 0)
remote: Resolving deltas: 100% (1/1), completed with 1 local object.
To https://github.com/tobiaswadseth/git-lab.git
   6eb103a..ed04f21  main -> main
Branch 'main' set up to track remote branch 'main' from 'origin'.
